// Jest Snapshot v1, https://goo.gl/fbAQLP

exports[`book details page handles error state 1`] = `
.emotion-3 {
  display: -webkit-box;
  display: -webkit-flex;
  display: -ms-flexbox;
  display: flex;
  -webkit-flex-direction: column;
  -ms-flex-direction: column;
  flex-direction: column;
  -webkit-flex: 1;
  -ms-flex: 1;
  flex: 1;
  -webkit-box-pack: center;
  -webkit-justify-content: center;
  -ms-flex-pack: center;
  justify-content: center;
  -webkit-align-items: center;
  -webkit-box-align: center;
  -ms-flex-align: center;
  align-items: center;
}

.emotion-0 {
  font-weight: 700;
}

.emotion-2 {
  -webkit-text-decoration: none;
  text-decoration: none;
  color: inherit;
  -webkit-appearance: none;
  -moz-appearance: none;
  appearance: none;
  display: -webkit-inline-box;
  display: -webkit-inline-flex;
  display: -ms-inline-flexbox;
  display: inline-flex;
  -webkit-align-items: center;
  -webkit-box-align: center;
  -ms-flex-align: center;
  align-items: center;
  text-align: center;
  line-height: inherit;
  -webkit-text-decoration: none;
  text-decoration: none;
  font-size: inherit;
  font-weight: 700;
  margin: 0;
  padding-left: 16px;
  padding-right: 16px;
  padding-top: 4px;
  padding-bottom: 4px;
  border: 0;
  border-radius: 4px;
  cursor: pointer;
  text-transform: uppercase;
  -webkit-letter-spacing: 0.05em;
  -moz-letter-spacing: 0.05em;
  -ms-letter-spacing: 0.05em;
  letter-spacing: 0.05em;
  background-color: var(--theme-ui-colors-primary,#0467a6);
  color: white;
  fill: white;
  margin-top: 16px;
}

.emotion-2:focus,
.emotion-2:hover {
  background-color: #03588d;
}

.emotion-2:active {
  background-color: #034874;
}

.emotion-2:disabled {
  background-color: var(--theme-ui-colors-disabled,#B3B9BE);
  cursor: default;
}

<div>
  <section
    aria-label="Book details"
    class="emotion-3"
  >
    <div>
      <p>
        There was a problem fetching this book. Please refresh the page or return home.
      </p>
      <div>
        <span
          class="emotion-0"
        >
          Error Code: 
        </span>
        401
      </div>
      <div>
        <span
          class="emotion-0"
        >
          Error Message: 
        </span>
        Some error
      </div>
      <a
        class="emotion-2"
        href="/"
      >
        Return Home
      </a>
    </div>
  </section>
</div>
`;
